2025-08-31 18:58:42,462 - INFO - Starting KNN classification process with ResNet101 features...
2025-08-31 18:58:42,462 - INFO - Dataset Path: c:\Users\Student\Desktop\Chiu Siew Chin\ResNet Series\ResNet101---Multi-Target-Crocodile-Detection-System\dataset
2025-08-31 18:58:42,462 - INFO - Model Path: c:\Users\Student\Desktop\Chiu Siew Chin\ResNet Series\ResNet101---Multi-Target-Crocodile-Detection-System\resnet101_checkpoint\best_resnet101_model.pth
2025-08-31 18:58:42,462 - INFO - Loading ResNet101 feature extractor model...
2025-08-31 18:58:42,762 - INFO - Model was trained on 2 classes.
2025-08-31 18:58:43,140 - INFO - Loading dataset...
2025-08-31 18:58:43,162 - INFO - Found 4190 training images and 2625 validation images.
2025-08-31 18:58:43,162 - INFO - Extracting features from the training set...
2025-08-31 18:59:06,748 - INFO - Extracting features from the validation set...
2025-08-31 18:59:26,410 - INFO - Feature extraction complete! Train features shape: (4190, 2048), Test features shape: (2625, 2048)
2025-08-31 18:59:26,410 - INFO - 
--- Training and Evaluating KNN Classifier ---
2025-08-31 18:59:26,410 - INFO - Using K = 5
2025-08-31 18:59:26,410 - INFO - Training the KNN classifier...
2025-08-31 18:59:26,410 - INFO - Making predictions with the KNN classifier on the test set...
2025-08-31 18:59:27,089 - INFO - ------------------------------------------
2025-08-31 18:59:27,092 - INFO - FINAL RESULT: KNN classifier accuracy on the test set: 99.28%
2025-08-31 18:59:27,092 - INFO - ------------------------------------------
2025-08-31 18:59:27,092 - INFO - KNN classification process finished.
2026-03-06 01:12:21,432 - INFO - Starting KNN classification process with ResNet101 features...
2026-03-06 01:12:21,432 - INFO - Dataset Path: c:\Users\Student\Desktop\Chiu Siew Chin\ResNet Series\ResNet101---Multi-Target-Crocodile-Detection-System\dataset
2026-03-06 01:12:21,432 - INFO - Model Path: c:\Users\Student\Desktop\Chiu Siew Chin\ResNet Series\ResNet101---Multi-Target-Crocodile-Detection-System\resnet101_checkpoint\best_resnet101_model.pth
2026-03-06 01:12:21,432 - INFO - Loading ResNet101 feature extractor model...
2026-03-06 01:12:21,725 - INFO - Model was trained on 2 classes.
2026-03-06 01:12:22,093 - INFO - Loading dataset...
2026-03-06 01:12:22,116 - INFO - Found 4190 training images and 2625 validation images.
2026-03-06 01:12:22,116 - INFO - Extracting features from the training set...
2026-03-06 01:12:45,262 - INFO - Extracting features from the validation set...
2026-03-06 01:13:04,726 - INFO - Feature extraction complete! Train features shape: (4190, 2048), Test features shape: (2625, 2048)
2026-03-06 01:13:04,726 - INFO - 
--- Training and Evaluating KNN Classifier ---
2026-03-06 01:13:04,726 - INFO - Using K = 5
2026-03-06 01:13:04,726 - INFO - Training the KNN classifier...
2026-03-06 01:13:04,732 - INFO - Making predictions with the KNN classifier on the test set...
2026-03-06 01:13:05,377 - INFO - ------------------------------------------
2026-03-06 01:13:05,377 - INFO - FINAL RESULT: KNN classifier accuracy on the test set: 99.28%
2026-03-06 01:13:05,377 - INFO - ------------------------------------------
2026-03-06 01:13:05,377 - INFO - KNN classification process finished.
2026-03-06 01:15:16,034 - INFO - Starting KNN classification process with ResNet101 features...
2026-03-06 01:15:16,034 - INFO - Dataset Path: c:\Users\Student\Desktop\Chiu Siew Chin\ResNet Series\ResNet101---Multi-Target-Crocodile-Detection-System\dataset
2026-03-06 01:15:16,034 - INFO - Model Path: c:\Users\Student\Desktop\Chiu Siew Chin\ResNet Series\ResNet101---Multi-Target-Crocodile-Detection-System\resnet101_checkpoint\best_resnet101_model.pth
2026-03-06 01:15:16,034 - INFO - Loading ResNet101 feature extractor model...
2026-03-06 01:15:16,323 - INFO - Model was trained on 2 classes.
2026-03-06 01:15:16,703 - INFO - Loading dataset...
2026-03-06 01:15:16,724 - INFO - Found 4190 training images and 2625 validation images.
2026-03-06 01:15:16,724 - INFO - Extracting features from the training set...
2026-03-06 01:15:39,940 - INFO - Extracting features from the validation set...
2026-03-06 01:15:59,550 - INFO - Feature extraction complete! Train features shape: (4190, 2048), Test features shape: (2625, 2048)
2026-03-06 01:15:59,550 - INFO - 
--- Training and Evaluating KNN Classifier ---
2026-03-06 01:15:59,550 - INFO - Using K = 5
2026-03-06 01:15:59,550 - INFO - Training the KNN classifier...
2026-03-06 01:15:59,561 - INFO - Making predictions with the KNN classifier on the test set...
2026-03-06 01:16:00,225 - INFO - ------------------------------------------
2026-03-06 01:16:00,225 - INFO - FINAL RESULT: KNN classifier accuracy on the test set: 99.28%
2026-03-06 01:16:00,225 - INFO - ------------------------------------------
2026-03-06 01:16:00,225 - INFO - KNN classification process finished.


Modify 224x224 to 640x640 Starting Here
2026-04-02 14:28:01,995 - INFO - Starting KNN classification process with ResNet101 features...
2026-04-02 14:28:01,995 - INFO - Dataset Path: c:\Users\Student\Desktop\Chiu Siew Chin\ResNet Series\ResNet101---Multi-Target-Crocodile-Detection-System\dataset
2026-04-02 14:28:01,995 - INFO - Model Path: c:\Users\Student\Desktop\Chiu Siew Chin\ResNet Series\ResNet101---Multi-Target-Crocodile-Detection-System\resnet101_checkpoint\best_resnet101_model.pth
2026-04-02 14:28:01,995 - INFO - Loading ResNet101 feature extractor model...
2026-04-02 14:28:02,355 - INFO - Model was trained on 2 classes.
2026-04-02 14:28:02,722 - INFO - Loading dataset...
2026-04-02 14:28:02,788 - INFO - Found 4190 training images and 2625 validation images.
2026-04-02 14:28:02,789 - INFO - Extracting features from the training set...
2026-04-02 14:29:47,787 - INFO - Extracting features from the validation set...
2026-04-02 14:30:59,212 - INFO - Feature extraction complete! Train features shape: (4190, 2048), Test features shape: (2625, 2048)
2026-04-02 14:30:59,212 - INFO - 
--- Training and Evaluating KNN Classifier ---
2026-04-02 14:30:59,212 - INFO - Using K = 5
2026-04-02 14:30:59,214 - INFO - Training the KNN classifier...
2026-04-02 14:30:59,244 - INFO - Making predictions with the KNN classifier on the test set...
2026-04-02 14:30:59,970 - INFO - ------------------------------------------
2026-04-02 14:30:59,971 - INFO - FINAL RESULT: KNN classifier accuracy on the test set: 93.14%
2026-04-02 14:30:59,971 - INFO - ------------------------------------------
2026-04-02 14:30:59,971 - INFO - KNN classification process finished.
2026-04-02 14:36:42,835 - INFO - Starting KNN classification process with ResNet101 features...
2026-04-02 14:36:42,835 - INFO - Dataset Path: c:\Users\Student\Desktop\Chiu Siew Chin\ResNet Series\ResNet101---Multi-Target-Crocodile-Detection-System\dataset
2026-04-02 14:36:42,835 - INFO - Model Path: c:\Users\Student\Desktop\Chiu Siew Chin\ResNet Series\ResNet101---Multi-Target-Crocodile-Detection-System\resnet101_checkpoint\best_resnet101_model.pth
2026-04-02 14:36:42,835 - INFO - Loading ResNet101 feature extractor model...
2026-04-02 14:36:43,235 - INFO - Model was trained on 2 classes.
2026-04-02 14:36:43,603 - INFO - Loading dataset...
2026-04-02 14:36:43,667 - INFO - Found 4190 training images and 2625 validation images.
2026-04-02 14:36:43,667 - INFO - Extracting features from the training set...
2026-04-02 14:38:27,529 - INFO - Extracting features from the validation set...
2026-04-02 14:39:35,114 - INFO - Feature extraction complete! Train features shape: (4190, 2048), Test features shape: (2625, 2048)
2026-04-02 14:39:35,115 - INFO - 
--- Training and Evaluating KNN Classifier ---
2026-04-02 14:39:35,115 - INFO - Using K = 5
2026-04-02 14:39:35,115 - INFO - Training the KNN classifier...
2026-04-02 14:39:35,121 - INFO - Making predictions with the KNN classifier on the test set...
2026-04-02 14:39:35,794 - INFO - ------------------------------------------
2026-04-02 14:39:35,794 - INFO - FINAL RESULT: KNN classifier accuracy on the test set: 93.14%
2026-04-02 14:39:35,794 - INFO - ------------------------------------------
2026-04-02 14:39:35,794 - INFO - KNN classification process finished.
