2026-03-05 22:41:44,000 - INFO - Number of classes: 2
2026-03-05 22:41:44,000 - INFO - Class names: ['crocodile', 'non-crocodile']
2026-03-05 22:41:44,588 - INFO - Starting training on device: cuda
2026-03-05 22:42:56,146 - INFO - Epoch 01/50 [LR: 0.001000] | Train -> Loss: 0.2913 Acc: 0.9012 Prec: 0.8848 Rec: 0.9220 mAP: 0.9714 | Val -> Loss: 0.1249 Acc: 0.9794 Prec: 0.9703 Rec: 0.9861 mAP: 0.9976
2026-03-05 22:42:56,436 - INFO - Best model updated and saved: resnet101_checkpoint\best_resnet101_model.pth
2026-03-05 22:44:02,546 - INFO - Epoch 02/50 [LR: 0.001000] | Train -> Loss: 0.1101 Acc: 0.9659 Prec: 0.9634 Rec: 0.9684 mAP: 0.9943 | Val -> Loss: 0.0684 Acc: 0.9840 Prec: 0.9860 Rec: 0.9796 mAP: 0.9985
2026-03-05 22:44:02,847 - INFO - Best model updated and saved: resnet101_checkpoint\best_resnet101_model.pth
2026-03-05 22:45:08,766 - INFO - Epoch 03/50 [LR: 0.001000] | Train -> Loss: 0.0942 Acc: 0.9659 Prec: 0.9656 Rec: 0.9660 mAP: 0.9943 | Val -> Loss: 0.0502 Acc: 0.9870 Prec: 0.9869 Rec: 0.9853 mAP: 0.9989
2026-03-05 22:45:09,079 - INFO - Best model updated and saved: resnet101_checkpoint\best_resnet101_model.pth
2026-03-05 22:46:15,070 - INFO - Epoch 04/50 [LR: 0.001000] | Train -> Loss: 0.0807 Acc: 0.9706 Prec: 0.9686 Rec: 0.9727 mAP: 0.9956 | Val -> Loss: 0.0416 Acc: 0.9882 Prec: 0.9926 Rec: 0.9820 mAP: 0.9991
2026-03-05 22:46:15,387 - INFO - Best model updated and saved: resnet101_checkpoint\best_resnet101_model.pth
2026-03-05 22:47:21,441 - INFO - Epoch 05/50 [LR: 0.001000] | Train -> Loss: 0.0662 Acc: 0.9773 Prec: 0.9803 Rec: 0.9742 mAP: 0.9975 | Val -> Loss: 0.0326 Acc: 0.9897 Prec: 0.9894 Rec: 0.9886 mAP: 0.9994
2026-03-05 22:47:21,766 - INFO - Best model updated and saved: resnet101_checkpoint\best_resnet101_model.pth
2026-03-05 22:48:27,933 - INFO - Epoch 06/50 [LR: 0.001000] | Train -> Loss: 0.0657 Acc: 0.9776 Prec: 0.9757 Rec: 0.9794 mAP: 0.9973 | Val -> Loss: 0.0331 Acc: 0.9886 Prec: 0.9926 Rec: 0.9829 mAP: 0.9993
2026-03-05 22:49:34,017 - INFO - Epoch 07/50 [LR: 0.001000] | Train -> Loss: 0.0634 Acc: 0.9773 Prec: 0.9748 Rec: 0.9799 mAP: 0.9970 | Val -> Loss: 0.0314 Acc: 0.9890 Prec: 0.9942 Rec: 0.9820 mAP: 0.9994
2026-03-05 22:50:40,008 - INFO - Epoch 08/50 [LR: 0.001000] | Train -> Loss: 0.0544 Acc: 0.9804 Prec: 0.9822 Rec: 0.9785 mAP: 0.9980 | Val -> Loss: 0.0311 Acc: 0.9890 Prec: 0.9902 Rec: 0.9861 mAP: 0.9993
2026-03-05 22:51:46,083 - INFO - Epoch 09/50 [LR: 0.001000] | Train -> Loss: 0.0506 Acc: 0.9816 Prec: 0.9795 Rec: 0.9837 mAP: 0.9983 | Val -> Loss: 0.0305 Acc: 0.9886 Prec: 0.9918 Rec: 0.9837 mAP: 0.9994
2026-03-05 22:52:52,074 - INFO - Epoch 10/50 [LR: 0.001000] | Train -> Loss: 0.0455 Acc: 0.9857 Prec: 0.9852 Rec: 0.9861 mAP: 0.9984 | Val -> Loss: 0.0285 Acc: 0.9890 Prec: 0.9942 Rec: 0.9820 mAP: 0.9995
2026-03-05 22:53:58,446 - INFO - Epoch 11/50 [LR: 0.001000] | Train -> Loss: 0.0510 Acc: 0.9819 Prec: 0.9809 Rec: 0.9828 mAP: 0.9984 | Val -> Loss: 0.0282 Acc: 0.9878 Prec: 0.9885 Rec: 0.9853 mAP: 0.9994
2026-03-05 22:55:04,724 - INFO - Epoch 12/50 [LR: 0.001000] | Train -> Loss: 0.0502 Acc: 0.9831 Prec: 0.9819 Rec: 0.9842 mAP: 0.9982 | Val -> Loss: 0.0277 Acc: 0.9882 Prec: 0.9846 Rec: 0.9902 mAP: 0.9995
2026-03-05 22:56:10,699 - INFO - Epoch 13/50 [LR: 0.000100] | Train -> Loss: 0.0439 Acc: 0.9840 Prec: 0.9819 Rec: 0.9861 mAP: 0.9988 | Val -> Loss: 0.0281 Acc: 0.9893 Prec: 0.9894 Rec: 0.9878 mAP: 0.9994
2026-03-05 22:57:16,782 - INFO - Epoch 14/50 [LR: 0.000100] | Train -> Loss: 0.0430 Acc: 0.9864 Prec: 0.9834 Rec: 0.9895 mAP: 0.9989 | Val -> Loss: 0.0294 Acc: 0.9905 Prec: 0.9942 Rec: 0.9853 mAP: 0.9993
2026-03-05 22:57:17,099 - INFO - Best model updated and saved: resnet101_checkpoint\best_resnet101_model.pth
2026-03-05 22:58:23,006 - INFO - Epoch 15/50 [LR: 0.000100] | Train -> Loss: 0.0403 Acc: 0.9854 Prec: 0.9861 Rec: 0.9847 mAP: 0.9990 | Val -> Loss: 0.0301 Acc: 0.9893 Prec: 0.9926 Rec: 0.9845 mAP: 0.9993
2026-03-05 22:59:28,710 - INFO - Epoch 16/50 [LR: 0.000100] | Train -> Loss: 0.0434 Acc: 0.9838 Prec: 0.9805 Rec: 0.9871 mAP: 0.9988 | Val -> Loss: 0.0327 Acc: 0.9890 Prec: 0.9950 Rec: 0.9812 mAP: 0.9992
2026-03-05 23:00:35,065 - INFO - Epoch 17/50 [LR: 0.000100] | Train -> Loss: 0.0321 Acc: 0.9893 Prec: 0.9895 Rec: 0.9890 mAP: 0.9993 | Val -> Loss: 0.0287 Acc: 0.9901 Prec: 0.9926 Rec: 0.9861 mAP: 0.9994
2026-03-05 23:01:40,734 - INFO - Epoch 18/50 [LR: 0.000100] | Train -> Loss: 0.0404 Acc: 0.9854 Prec: 0.9856 Rec: 0.9852 mAP: 0.9990 | Val -> Loss: 0.0242 Acc: 0.9905 Prec: 0.9870 Rec: 0.9927 mAP: 0.9996
2026-03-05 23:02:46,778 - INFO - Epoch 19/50 [LR: 0.000100] | Train -> Loss: 0.0341 Acc: 0.9864 Prec: 0.9829 Rec: 0.9900 mAP: 0.9994 | Val -> Loss: 0.0282 Acc: 0.9909 Prec: 0.9934 Rec: 0.9869 mAP: 0.9994
2026-03-05 23:02:47,085 - INFO - Best model updated and saved: resnet101_checkpoint\best_resnet101_model.pth
2026-03-05 23:03:53,099 - INFO - Epoch 20/50 [LR: 0.000100] | Train -> Loss: 0.0452 Acc: 0.9842 Prec: 0.9828 Rec: 0.9856 mAP: 0.9986 | Val -> Loss: 0.0271 Acc: 0.9897 Prec: 0.9862 Rec: 0.9918 mAP: 0.9994
2026-03-05 23:04:59,112 - INFO - Epoch 21/50 [LR: 0.000100] | Train -> Loss: 0.0445 Acc: 0.9833 Prec: 0.9819 Rec: 0.9847 mAP: 0.9988 | Val -> Loss: 0.0281 Acc: 0.9905 Prec: 0.9942 Rec: 0.9853 mAP: 0.9994
2026-03-05 23:06:05,619 - INFO - Epoch 22/50 [LR: 0.000100] | Train -> Loss: 0.0395 Acc: 0.9857 Prec: 0.9833 Rec: 0.9880 mAP: 0.9990 | Val -> Loss: 0.0265 Acc: 0.9893 Prec: 0.9878 Rec: 0.9894 mAP: 0.9994
2026-03-05 23:07:11,460 - INFO - Epoch 23/50 [LR: 0.000100] | Train -> Loss: 0.0427 Acc: 0.9831 Prec: 0.9837 Rec: 0.9823 mAP: 0.9989 | Val -> Loss: 0.0256 Acc: 0.9901 Prec: 0.9886 Rec: 0.9902 mAP: 0.9995
2026-03-05 23:08:17,931 - INFO - Epoch 24/50 [LR: 0.000100] | Train -> Loss: 0.0363 Acc: 0.9893 Prec: 0.9867 Rec: 0.9919 mAP: 0.9992 | Val -> Loss: 0.0278 Acc: 0.9909 Prec: 0.9934 Rec: 0.9869 mAP: 0.9994
2026-03-05 23:09:24,341 - INFO - Epoch 25/50 [LR: 0.000100] | Train -> Loss: 0.0419 Acc: 0.9842 Prec: 0.9865 Rec: 0.9818 mAP: 0.9988 | Val -> Loss: 0.0271 Acc: 0.9901 Prec: 0.9902 Rec: 0.9886 mAP: 0.9994
2026-03-05 23:10:30,445 - INFO - Epoch 26/50 [LR: 0.000100] | Train -> Loss: 0.0435 Acc: 0.9866 Prec: 0.9834 Rec: 0.9900 mAP: 0.9984 | Val -> Loss: 0.0264 Acc: 0.9897 Prec: 0.9862 Rec: 0.9918 mAP: 0.9994
2026-03-05 23:11:36,718 - INFO - Epoch 27/50 [LR: 0.000100] | Train -> Loss: 0.0485 Acc: 0.9802 Prec: 0.9772 Rec: 0.9833 mAP: 0.9986 | Val -> Loss: 0.0275 Acc: 0.9916 Prec: 0.9942 Rec: 0.9878 mAP: 0.9994
2026-03-05 23:11:37,029 - INFO - Best model updated and saved: resnet101_checkpoint\best_resnet101_model.pth
2026-03-05 23:12:43,265 - INFO - Epoch 28/50 [LR: 0.000100] | Train -> Loss: 0.0350 Acc: 0.9878 Prec: 0.9876 Rec: 0.9880 mAP: 0.9993 | Val -> Loss: 0.0251 Acc: 0.9905 Prec: 0.9894 Rec: 0.9902 mAP: 0.9995
2026-03-05 23:13:49,390 - INFO - Epoch 29/50 [LR: 0.000100] | Train -> Loss: 0.0346 Acc: 0.9866 Prec: 0.9852 Rec: 0.9880 mAP: 0.9993 | Val -> Loss: 0.0253 Acc: 0.9905 Prec: 0.9902 Rec: 0.9894 mAP: 0.9995
2026-03-05 23:14:55,537 - INFO - Epoch 30/50 [LR: 0.000100] | Train -> Loss: 0.0395 Acc: 0.9866 Prec: 0.9834 Rec: 0.9900 mAP: 0.9990 | Val -> Loss: 0.0275 Acc: 0.9916 Prec: 0.9926 Rec: 0.9894 mAP: 0.9994
2026-03-05 23:16:01,734 - INFO - Epoch 31/50 [LR: 0.000100] | Train -> Loss: 0.0351 Acc: 0.9883 Prec: 0.9880 Rec: 0.9885 mAP: 0.9992 | Val -> Loss: 0.0284 Acc: 0.9909 Prec: 0.9951 Rec: 0.9853 mAP: 0.9994
2026-03-05 23:17:07,804 - INFO - Epoch 32/50 [LR: 0.000100] | Train -> Loss: 0.0380 Acc: 0.9862 Prec: 0.9843 Rec: 0.9880 mAP: 0.9991 | Val -> Loss: 0.0242 Acc: 0.9909 Prec: 0.9894 Rec: 0.9910 mAP: 0.9995
2026-03-05 23:18:14,031 - INFO - Epoch 33/50 [LR: 0.000100] | Train -> Loss: 0.0372 Acc: 0.9866 Prec: 0.9871 Rec: 0.9861 mAP: 0.9991 | Val -> Loss: 0.0274 Acc: 0.9909 Prec: 0.9951 Rec: 0.9853 mAP: 0.9994
2026-03-05 23:19:20,153 - INFO - Epoch 34/50 [LR: 0.000100] | Train -> Loss: 0.0382 Acc: 0.9857 Prec: 0.9833 Rec: 0.9880 mAP: 0.9989 | Val -> Loss: 0.0276 Acc: 0.9909 Prec: 0.9934 Rec: 0.9869 mAP: 0.9994
2026-03-05 23:20:26,088 - INFO - Epoch 35/50 [LR: 0.000010] | Train -> Loss: 0.0349 Acc: 0.9895 Prec: 0.9881 Rec: 0.9909 mAP: 0.9993 | Val -> Loss: 0.0279 Acc: 0.9909 Prec: 0.9951 Rec: 0.9853 mAP: 0.9994
2026-03-05 23:21:32,004 - INFO - Epoch 36/50 [LR: 0.000010] | Train -> Loss: 0.0312 Acc: 0.9909 Prec: 0.9914 Rec: 0.9904 mAP: 0.9994 | Val -> Loss: 0.0271 Acc: 0.9912 Prec: 0.9934 Rec: 0.9878 mAP: 0.9994
2026-03-05 23:22:38,047 - INFO - Epoch 37/50 [LR: 0.000010] | Train -> Loss: 0.0391 Acc: 0.9866 Prec: 0.9847 Rec: 0.9885 mAP: 0.9989 | Val -> Loss: 0.0267 Acc: 0.9916 Prec: 0.9951 Rec: 0.9869 mAP: 0.9994
2026-03-05 23:23:44,368 - INFO - Epoch 38/50 [LR: 0.000010] | Train -> Loss: 0.0342 Acc: 0.9874 Prec: 0.9880 Rec: 0.9866 mAP: 0.9993 | Val -> Loss: 0.0268 Acc: 0.9901 Prec: 0.9918 Rec: 0.9869 mAP: 0.9994
2026-03-05 23:24:50,514 - INFO - Epoch 39/50 [LR: 0.000010] | Train -> Loss: 0.0328 Acc: 0.9890 Prec: 0.9885 Rec: 0.9895 mAP: 0.9992 | Val -> Loss: 0.0280 Acc: 0.9905 Prec: 0.9918 Rec: 0.9878 mAP: 0.9994
2026-03-05 23:25:56,462 - INFO - Epoch 40/50 [LR: 0.000010] | Train -> Loss: 0.0339 Acc: 0.9869 Prec: 0.9861 Rec: 0.9876 mAP: 0.9993 | Val -> Loss: 0.0267 Acc: 0.9912 Prec: 0.9934 Rec: 0.9878 mAP: 0.9994
2026-03-05 23:27:02,413 - INFO - Epoch 41/50 [LR: 0.000010] | Train -> Loss: 0.0400 Acc: 0.9864 Prec: 0.9838 Rec: 0.9890 mAP: 0.9989 | Val -> Loss: 0.0263 Acc: 0.9916 Prec: 0.9934 Rec: 0.9886 mAP: 0.9994
2026-03-05 23:28:08,559 - INFO - Epoch 42/50 [LR: 0.000010] | Train -> Loss: 0.0375 Acc: 0.9859 Prec: 0.9871 Rec: 0.9847 mAP: 0.9991 | Val -> Loss: 0.0267 Acc: 0.9905 Prec: 0.9926 Rec: 0.9869 mAP: 0.9994
2026-03-05 23:29:14,663 - INFO - Epoch 43/50 [LR: 0.000001] | Train -> Loss: 0.0379 Acc: 0.9854 Prec: 0.9866 Rec: 0.9842 mAP: 0.9991 | Val -> Loss: 0.0261 Acc: 0.9905 Prec: 0.9894 Rec: 0.9902 mAP: 0.9994
2026-03-05 23:30:20,685 - INFO - Epoch 44/50 [LR: 0.000001] | Train -> Loss: 0.0370 Acc: 0.9869 Prec: 0.9843 Rec: 0.9895 mAP: 0.9989 | Val -> Loss: 0.0262 Acc: 0.9905 Prec: 0.9902 Rec: 0.9894 mAP: 0.9994
2026-03-05 23:31:26,601 - INFO - Epoch 45/50 [LR: 0.000001] | Train -> Loss: 0.0390 Acc: 0.9854 Prec: 0.9838 Rec: 0.9871 mAP: 0.9990 | Val -> Loss: 0.0255 Acc: 0.9905 Prec: 0.9918 Rec: 0.9878 mAP: 0.9994
2026-03-05 23:32:34,143 - INFO - Epoch 46/50 [LR: 0.000001] | Train -> Loss: 0.0350 Acc: 0.9881 Prec: 0.9880 Rec: 0.9880 mAP: 0.9993 | Val -> Loss: 0.0260 Acc: 0.9909 Prec: 0.9910 Rec: 0.9894 mAP: 0.9995
2026-03-05 23:33:40,237 - INFO - Epoch 47/50 [LR: 0.000001] | Train -> Loss: 0.0351 Acc: 0.9885 Prec: 0.9885 Rec: 0.9885 mAP: 0.9992 | Val -> Loss: 0.0267 Acc: 0.9916 Prec: 0.9926 Rec: 0.9894 mAP: 0.9994
2026-03-05 23:34:46,183 - INFO - Epoch 48/50 [LR: 0.000001] | Train -> Loss: 0.0359 Acc: 0.9878 Prec: 0.9829 Rec: 0.9928 mAP: 0.9991 | Val -> Loss: 0.0252 Acc: 0.9905 Prec: 0.9894 Rec: 0.9902 mAP: 0.9995
2026-03-05 23:35:51,909 - INFO - Epoch 49/50 [LR: 0.000001] | Train -> Loss: 0.0420 Acc: 0.9862 Prec: 0.9843 Rec: 0.9880 mAP: 0.9987 | Val -> Loss: 0.0273 Acc: 0.9909 Prec: 0.9951 Rec: 0.9853 mAP: 0.9994
2026-03-05 23:36:57,835 - INFO - Epoch 50/50 [LR: 0.000001] | Train -> Loss: 0.0316 Acc: 0.9888 Prec: 0.9899 Rec: 0.9876 mAP: 0.9995 | Val -> Loss: 0.0266 Acc: 0.9920 Prec: 0.9959 Rec: 0.9869 mAP: 0.9994
2026-03-05 23:36:58,155 - INFO - Best model updated and saved: resnet101_checkpoint\best_resnet101_model.pth
2026-03-05 23:36:58,155 - INFO - Training complete. Best validation accuracy:  0.9920
2026-03-05 23:40:57,905 - INFO - Number of classes: 2
2026-03-05 23:40:57,905 - INFO - Class names: ['crocodile', 'non-crocodile']
2026-03-05 23:40:58,496 - INFO - Starting training on device: cuda
2026-03-05 23:42:11,093 - INFO - Epoch 01/50 [LR: 0.001000] | Train -> Loss: 0.2912 Acc: 0.9002 Prec: 0.8842 Rec: 0.9206 mAP: 0.9712 | Val -> Loss: 0.1245 Acc: 0.9783 Prec: 0.9679 Rec: 0.9861 mAP: 0.9976
2026-03-05 23:42:11,413 - INFO - Best model updated and saved: resnet101_checkpoint\best_resnet101_model.pth
2026-03-05 23:43:17,377 - INFO - Epoch 02/50 [LR: 0.001000] | Train -> Loss: 0.1098 Acc: 0.9663 Prec: 0.9616 Rec: 0.9713 mAP: 0.9945 | Val -> Loss: 0.0686 Acc: 0.9840 Prec: 0.9876 Rec: 0.9780 mAP: 0.9984
2026-03-05 23:43:17,702 - INFO - Best model updated and saved: resnet101_checkpoint\best_resnet101_model.pth
2026-03-05 23:44:23,487 - INFO - Epoch 03/50 [LR: 0.001000] | Train -> Loss: 0.0950 Acc: 0.9663 Prec: 0.9678 Rec: 0.9646 mAP: 0.9944 | Val -> Loss: 0.0487 Acc: 0.9867 Prec: 0.9885 Rec: 0.9829 mAP: 0.9990
2026-03-05 23:44:23,808 - INFO - Best model updated and saved: resnet101_checkpoint\best_resnet101_model.pth
2026-03-05 23:45:29,821 - INFO - Epoch 04/50 [LR: 0.001000] | Train -> Loss: 0.0806 Acc: 0.9733 Prec: 0.9705 Rec: 0.9761 mAP: 0.9956 | Val -> Loss: 0.0411 Acc: 0.9882 Prec: 0.9918 Rec: 0.9829 mAP: 0.9992
2026-03-05 23:45:30,133 - INFO - Best model updated and saved: resnet101_checkpoint\best_resnet101_model.pth
2026-03-05 23:46:35,693 - INFO - Epoch 05/50 [LR: 0.001000] | Train -> Loss: 0.0692 Acc: 0.9747 Prec: 0.9737 Rec: 0.9756 mAP: 0.9972 | Val -> Loss: 0.0336 Acc: 0.9893 Prec: 0.9910 Rec: 0.9861 mAP: 0.9994
2026-03-05 23:46:35,986 - INFO - Best model updated and saved: resnet101_checkpoint\best_resnet101_model.pth
2026-03-05 23:47:41,749 - INFO - Epoch 06/50 [LR: 0.001000] | Train -> Loss: 0.0650 Acc: 0.9766 Prec: 0.9747 Rec: 0.9785 mAP: 0.9974 | Val -> Loss: 0.0339 Acc: 0.9882 Prec: 0.9934 Rec: 0.9812 mAP: 0.9993
2026-03-05 23:48:47,476 - INFO - Epoch 07/50 [LR: 0.001000] | Train -> Loss: 0.0639 Acc: 0.9776 Prec: 0.9748 Rec: 0.9804 mAP: 0.9972 | Val -> Loss: 0.0318 Acc: 0.9890 Prec: 0.9942 Rec: 0.9820 mAP: 0.9994
2026-03-05 23:49:53,310 - INFO - Epoch 08/50 [LR: 0.001000] | Train -> Loss: 0.0552 Acc: 0.9809 Prec: 0.9832 Rec: 0.9785 mAP: 0.9979 | Val -> Loss: 0.0310 Acc: 0.9893 Prec: 0.9926 Rec: 0.9845 mAP: 0.9993
2026-03-05 23:50:58,888 - INFO - Epoch 09/50 [LR: 0.001000] | Train -> Loss: 0.0507 Acc: 0.9828 Prec: 0.9796 Rec: 0.9861 mAP: 0.9984 | Val -> Loss: 0.0304 Acc: 0.9901 Prec: 0.9942 Rec: 0.9845 mAP: 0.9994
2026-03-05 23:50:59,240 - INFO - Best model updated and saved: resnet101_checkpoint\best_resnet101_model.pth
2026-03-05 23:52:04,757 - INFO - Epoch 10/50 [LR: 0.001000] | Train -> Loss: 0.0470 Acc: 0.9847 Prec: 0.9842 Rec: 0.9852 mAP: 0.9982 | Val -> Loss: 0.0274 Acc: 0.9897 Prec: 0.9942 Rec: 0.9837 mAP: 0.9995
2026-03-05 23:53:10,391 - INFO - Epoch 11/50 [LR: 0.001000] | Train -> Loss: 0.0516 Acc: 0.9819 Prec: 0.9814 Rec: 0.9823 mAP: 0.9984 | Val -> Loss: 0.0258 Acc: 0.9905 Prec: 0.9918 Rec: 0.9878 mAP: 0.9996
2026-03-05 23:53:10,692 - INFO - Best model updated and saved: resnet101_checkpoint\best_resnet101_model.pth
2026-03-05 23:54:16,362 - INFO - Epoch 12/50 [LR: 0.001000] | Train -> Loss: 0.0498 Acc: 0.9831 Prec: 0.9828 Rec: 0.9833 mAP: 0.9983 | Val -> Loss: 0.0268 Acc: 0.9912 Prec: 0.9886 Rec: 0.9927 mAP: 0.9995
2026-03-05 23:54:16,679 - INFO - Best model updated and saved: resnet101_checkpoint\best_resnet101_model.pth
2026-03-05 23:55:22,354 - INFO - Epoch 13/50 [LR: 0.001000] | Train -> Loss: 0.0442 Acc: 0.9852 Prec: 0.9815 Rec: 0.9890 mAP: 0.9987 | Val -> Loss: 0.0264 Acc: 0.9909 Prec: 0.9926 Rec: 0.9878 mAP: 0.9995
2026-03-05 23:56:27,812 - INFO - Epoch 14/50 [LR: 0.001000] | Train -> Loss: 0.0416 Acc: 0.9854 Prec: 0.9838 Rec: 0.9871 mAP: 0.9990 | Val -> Loss: 0.0269 Acc: 0.9905 Prec: 0.9942 Rec: 0.9853 mAP: 0.9995
2026-03-05 23:57:33,539 - INFO - Epoch 15/50 [LR: 0.001000] | Train -> Loss: 0.0389 Acc: 0.9852 Prec: 0.9852 Rec: 0.9852 mAP: 0.9990 | Val -> Loss: 0.0271 Acc: 0.9901 Prec: 0.9918 Rec: 0.9869 mAP: 0.9995
2026-03-05 23:58:38,990 - INFO - Epoch 16/50 [LR: 0.001000] | Train -> Loss: 0.0397 Acc: 0.9859 Prec: 0.9820 Rec: 0.9900 mAP: 0.9990 | Val -> Loss: 0.0273 Acc: 0.9912 Prec: 0.9959 Rec: 0.9853 mAP: 0.9995
2026-03-05 23:59:44,728 - INFO - Epoch 17/50 [LR: 0.001000] | Train -> Loss: 0.0304 Acc: 0.9902 Prec: 0.9895 Rec: 0.9909 mAP: 0.9995 | Val -> Loss: 0.0254 Acc: 0.9912 Prec: 0.9942 Rec: 0.9869 mAP: 0.9995
2026-03-06 00:00:50,516 - INFO - Epoch 18/50 [LR: 0.001000] | Train -> Loss: 0.0385 Acc: 0.9862 Prec: 0.9847 Rec: 0.9876 mAP: 0.9990 | Val -> Loss: 0.0207 Acc: 0.9935 Prec: 0.9943 Rec: 0.9918 mAP: 0.9997
2026-03-06 00:00:50,835 - INFO - Best model updated and saved: resnet101_checkpoint\best_resnet101_model.pth
2026-03-06 00:01:56,616 - INFO - Epoch 19/50 [LR: 0.001000] | Train -> Loss: 0.0306 Acc: 0.9885 Prec: 0.9880 Rec: 0.9890 mAP: 0.9994 | Val -> Loss: 0.0244 Acc: 0.9920 Prec: 0.9959 Rec: 0.9869 mAP: 0.9996
2026-03-06 00:03:02,293 - INFO - Epoch 20/50 [LR: 0.001000] | Train -> Loss: 0.0402 Acc: 0.9862 Prec: 0.9875 Rec: 0.9847 mAP: 0.9989 | Val -> Loss: 0.0205 Acc: 0.9931 Prec: 0.9935 Rec: 0.9918 mAP: 0.9997
2026-03-06 00:04:08,027 - INFO - Epoch 21/50 [LR: 0.001000] | Train -> Loss: 0.0363 Acc: 0.9850 Prec: 0.9838 Rec: 0.9861 mAP: 0.9992 | Val -> Loss: 0.0220 Acc: 0.9931 Prec: 0.9959 Rec: 0.9894 mAP: 0.9996
2026-03-06 00:05:13,940 - INFO - Epoch 22/50 [LR: 0.001000] | Train -> Loss: 0.0358 Acc: 0.9878 Prec: 0.9876 Rec: 0.9880 mAP: 0.9992 | Val -> Loss: 0.0209 Acc: 0.9928 Prec: 0.9926 Rec: 0.9918 mAP: 0.9997
2026-03-06 00:06:19,455 - INFO - Epoch 23/50 [LR: 0.001000] | Train -> Loss: 0.0374 Acc: 0.9857 Prec: 0.9852 Rec: 0.9861 mAP: 0.9991 | Val -> Loss: 0.0215 Acc: 0.9935 Prec: 0.9935 Rec: 0.9927 mAP: 0.9996
2026-03-06 00:07:25,181 - INFO - Epoch 24/50 [LR: 0.001000] | Train -> Loss: 0.0312 Acc: 0.9888 Prec: 0.9895 Rec: 0.9880 mAP: 0.9993 | Val -> Loss: 0.0243 Acc: 0.9924 Prec: 0.9951 Rec: 0.9886 mAP: 0.9996
2026-03-06 00:08:30,654 - INFO - Epoch 25/50 [LR: 0.001000] | Train -> Loss: 0.0354 Acc: 0.9878 Prec: 0.9871 Rec: 0.9885 mAP: 0.9990 | Val -> Loss: 0.0223 Acc: 0.9924 Prec: 0.9934 Rec: 0.9902 mAP: 0.9996
2026-03-06 00:09:36,242 - INFO - Epoch 26/50 [LR: 0.000100] | Train -> Loss: 0.0379 Acc: 0.9878 Prec: 0.9857 Rec: 0.9900 mAP: 0.9988 | Val -> Loss: 0.0206 Acc: 0.9924 Prec: 0.9926 Rec: 0.9910 mAP: 0.9997
2026-03-06 00:10:42,210 - INFO - Epoch 27/50 [LR: 0.000100] | Train -> Loss: 0.0371 Acc: 0.9842 Prec: 0.9810 Rec: 0.9876 mAP: 0.9991 | Val -> Loss: 0.0226 Acc: 0.9912 Prec: 0.9934 Rec: 0.9878 mAP: 0.9996
2026-03-06 00:11:47,899 - INFO - Epoch 28/50 [LR: 0.000100] | Train -> Loss: 0.0262 Acc: 0.9907 Prec: 0.9900 Rec: 0.9914 mAP: 0.9996 | Val -> Loss: 0.0197 Acc: 0.9928 Prec: 0.9935 Rec: 0.9910 mAP: 0.9997
2026-03-06 00:12:53,711 - INFO - Epoch 29/50 [LR: 0.000100] | Train -> Loss: 0.0293 Acc: 0.9907 Prec: 0.9890 Rec: 0.9923 mAP: 0.9995 | Val -> Loss: 0.0198 Acc: 0.9924 Prec: 0.9934 Rec: 0.9902 mAP: 0.9997
2026-03-06 00:13:59,129 - INFO - Epoch 30/50 [LR: 0.000100] | Train -> Loss: 0.0307 Acc: 0.9878 Prec: 0.9834 Rec: 0.9923 mAP: 0.9994 | Val -> Loss: 0.0221 Acc: 0.9916 Prec: 0.9934 Rec: 0.9886 mAP: 0.9996
2026-03-06 00:15:04,760 - INFO - Epoch 31/50 [LR: 0.000100] | Train -> Loss: 0.0271 Acc: 0.9907 Prec: 0.9900 Rec: 0.9914 mAP: 0.9995 | Val -> Loss: 0.0240 Acc: 0.9909 Prec: 0.9934 Rec: 0.9869 mAP: 0.9996
2026-03-06 00:16:10,263 - INFO - Epoch 32/50 [LR: 0.000100] | Train -> Loss: 0.0297 Acc: 0.9893 Prec: 0.9871 Rec: 0.9914 mAP: 0.9994 | Val -> Loss: 0.0191 Acc: 0.9931 Prec: 0.9935 Rec: 0.9918 mAP: 0.9997
2026-03-06 00:17:16,076 - INFO - Epoch 33/50 [LR: 0.000100] | Train -> Loss: 0.0276 Acc: 0.9893 Prec: 0.9890 Rec: 0.9895 mAP: 0.9995 | Val -> Loss: 0.0224 Acc: 0.9912 Prec: 0.9942 Rec: 0.9869 mAP: 0.9997
2026-03-06 00:18:21,715 - INFO - Epoch 34/50 [LR: 0.000010] | Train -> Loss: 0.0299 Acc: 0.9912 Prec: 0.9900 Rec: 0.9923 mAP: 0.9992 | Val -> Loss: 0.0225 Acc: 0.9912 Prec: 0.9934 Rec: 0.9878 mAP: 0.9996
2026-03-06 00:19:27,194 - INFO - Epoch 35/50 [LR: 0.000010] | Train -> Loss: 0.0289 Acc: 0.9900 Prec: 0.9914 Rec: 0.9885 mAP: 0.9995 | Val -> Loss: 0.0224 Acc: 0.9912 Prec: 0.9934 Rec: 0.9878 mAP: 0.9996
2026-03-06 00:20:32,989 - INFO - Epoch 36/50 [LR: 0.000010] | Train -> Loss: 0.0239 Acc: 0.9907 Prec: 0.9928 Rec: 0.9885 mAP: 0.9997 | Val -> Loss: 0.0219 Acc: 0.9916 Prec: 0.9942 Rec: 0.9878 mAP: 0.9996
2026-03-06 00:21:38,503 - INFO - Epoch 37/50 [LR: 0.000010] | Train -> Loss: 0.0328 Acc: 0.9885 Prec: 0.9871 Rec: 0.9900 mAP: 0.9993 | Val -> Loss: 0.0207 Acc: 0.9916 Prec: 0.9934 Rec: 0.9886 mAP: 0.9997
2026-03-06 00:22:43,916 - INFO - Epoch 38/50 [LR: 0.000010] | Train -> Loss: 0.0226 Acc: 0.9919 Prec: 0.9923 Rec: 0.9914 mAP: 0.9997 | Val -> Loss: 0.0212 Acc: 0.9916 Prec: 0.9934 Rec: 0.9886 mAP: 0.9997
2026-03-06 00:23:49,689 - INFO - Epoch 39/50 [LR: 0.000010] | Train -> Loss: 0.0250 Acc: 0.9921 Prec: 0.9900 Rec: 0.9943 mAP: 0.9995 | Val -> Loss: 0.0218 Acc: 0.9916 Prec: 0.9934 Rec: 0.9886 mAP: 0.9996
2026-03-06 00:24:55,514 - INFO - Epoch 40/50 [LR: 0.000010] | Train -> Loss: 0.0274 Acc: 0.9883 Prec: 0.9857 Rec: 0.9909 mAP: 0.9995 | Val -> Loss: 0.0210 Acc: 0.9916 Prec: 0.9934 Rec: 0.9886 mAP: 0.9997
2026-03-06 00:26:01,204 - INFO - Epoch 41/50 [LR: 0.000010] | Train -> Loss: 0.0312 Acc: 0.9890 Prec: 0.9876 Rec: 0.9904 mAP: 0.9994 | Val -> Loss: 0.0208 Acc: 0.9916 Prec: 0.9934 Rec: 0.9886 mAP: 0.9997
2026-03-06 00:27:07,126 - INFO - Epoch 42/50 [LR: 0.000001] | Train -> Loss: 0.0322 Acc: 0.9878 Prec: 0.9876 Rec: 0.9880 mAP: 0.9993 | Val -> Loss: 0.0215 Acc: 0.9912 Prec: 0.9934 Rec: 0.9878 mAP: 0.9997
2026-03-06 00:28:12,596 - INFO - Epoch 43/50 [LR: 0.000001] | Train -> Loss: 0.0302 Acc: 0.9864 Prec: 0.9880 Rec: 0.9847 mAP: 0.9994 | Val -> Loss: 0.0213 Acc: 0.9916 Prec: 0.9926 Rec: 0.9894 mAP: 0.9996
2026-03-06 00:29:18,381 - INFO - Epoch 44/50 [LR: 0.000001] | Train -> Loss: 0.0310 Acc: 0.9902 Prec: 0.9890 Rec: 0.9914 mAP: 0.9992 | Val -> Loss: 0.0211 Acc: 0.9916 Prec: 0.9934 Rec: 0.9886 mAP: 0.9997
2026-03-06 00:30:24,049 - INFO - Epoch 45/50 [LR: 0.000001] | Train -> Loss: 0.0289 Acc: 0.9885 Prec: 0.9871 Rec: 0.9900 mAP: 0.9995 | Val -> Loss: 0.0199 Acc: 0.9924 Prec: 0.9934 Rec: 0.9902 mAP: 0.9997
2026-03-06 00:31:29,777 - INFO - Epoch 46/50 [LR: 0.000001] | Train -> Loss: 0.0296 Acc: 0.9890 Prec: 0.9899 Rec: 0.9880 mAP: 0.9995 | Val -> Loss: 0.0204 Acc: 0.9916 Prec: 0.9934 Rec: 0.9886 mAP: 0.9997
2026-03-06 00:32:36,528 - INFO - Epoch 47/50 [LR: 0.000001] | Train -> Loss: 0.0296 Acc: 0.9895 Prec: 0.9909 Rec: 0.9880 mAP: 0.9994 | Val -> Loss: 0.0212 Acc: 0.9920 Prec: 0.9934 Rec: 0.9894 mAP: 0.9997
2026-03-06 00:33:42,231 - INFO - Epoch 48/50 [LR: 0.000001] | Train -> Loss: 0.0303 Acc: 0.9902 Prec: 0.9872 Rec: 0.9933 mAP: 0.9994 | Val -> Loss: 0.0198 Acc: 0.9924 Prec: 0.9934 Rec: 0.9902 mAP: 0.9997
2026-03-06 00:34:47,769 - INFO - Epoch 49/50 [LR: 0.000001] | Train -> Loss: 0.0326 Acc: 0.9881 Prec: 0.9862 Rec: 0.9900 mAP: 0.9992 | Val -> Loss: 0.0220 Acc: 0.9920 Prec: 0.9951 Rec: 0.9878 mAP: 0.9997
2026-03-06 00:35:53,387 - INFO - Epoch 50/50 [LR: 0.000001] | Train -> Loss: 0.0268 Acc: 0.9893 Prec: 0.9895 Rec: 0.9890 mAP: 0.9996 | Val -> Loss: 0.0218 Acc: 0.9920 Prec: 0.9959 Rec: 0.9869 mAP: 0.9997
2026-03-06 00:35:53,387 - INFO - Training complete. Best validation accuracy:  0.9935


Modify 224x224 to 640x640 Starting Here
2026-04-02 01:24:42,708 - INFO - Starting training on device: cuda
2026-04-02 01:30:44,751 - INFO - Epoch 01/50 [LR: 0.001000] | Train -> Loss: 0.4560 Acc: 0.8055 Prec: 0.8055 Rec: 0.8055 mAP: 0.8767 | Val -> Loss: 0.4738 Acc: 0.8107 Prec: 0.8148 Rec: 0.8061 mAP: 0.8863
2026-04-02 01:30:45,247 - INFO - Best model updated and saved: resnet101_checkpoint\best_resnet101_model.pth
2026-04-02 01:36:39,216 - INFO - Epoch 02/50 [LR: 0.001000] | Train -> Loss: 0.3836 Acc: 0.8427 Prec: 0.8427 Rec: 0.8427 mAP: 0.9096 | Val -> Loss: 0.5420 Acc: 0.7714 Prec: 0.7710 Rec: 0.7690 mAP: 0.8399
2026-04-02 01:42:32,688 - INFO - Epoch 03/50 [LR: 0.001000] | Train -> Loss: 0.3839 Acc: 0.8401 Prec: 0.8401 Rec: 0.8401 mAP: 0.9103 | Val -> Loss: 0.4711 Acc: 0.8149 Prec: 0.8144 Rec: 0.8132 mAP: 0.8856
2026-04-02 01:42:33,147 - INFO - Best model updated and saved: resnet101_checkpoint\best_resnet101_model.pth
2026-04-02 01:48:26,371 - INFO - Epoch 04/50 [LR: 0.001000] | Train -> Loss: 0.3583 Acc: 0.8544 Prec: 0.8544 Rec: 0.8544 mAP: 0.9214 | Val -> Loss: 0.3493 Acc: 0.8697 Prec: 0.8854 Rec: 0.8630 mAP: 0.9556
2026-04-02 01:48:26,833 - INFO - Best model updated and saved: resnet101_checkpoint\best_resnet101_model.pth
2026-04-02 01:54:21,101 - INFO - Epoch 05/50 [LR: 0.001000] | Train -> Loss: 0.3103 Acc: 0.8735 Prec: 0.8736 Rec: 0.8735 mAP: 0.9434 | Val -> Loss: 0.5613 Acc: 0.8358 Prec: 0.8681 Rec: 0.8258 mAP: 0.9154
2026-04-02 02:00:14,183 - INFO - Epoch 06/50 [LR: 0.001000] | Train -> Loss: 0.3063 Acc: 0.8788 Prec: 0.8788 Rec: 0.8788 mAP: 0.9429 | Val -> Loss: 0.9145 Acc: 0.7741 Prec: 0.8021 Rec: 0.7631 mAP: 0.7624
2026-04-02 02:06:07,690 - INFO - Epoch 07/50 [LR: 0.001000] | Train -> Loss: 0.3030 Acc: 0.8790 Prec: 0.8790 Rec: 0.8790 mAP: 0.9431 | Val -> Loss: 0.3808 Acc: 0.8301 Prec: 0.8582 Rec: 0.8205 mAP: 0.9401
2026-04-02 02:12:01,390 - INFO - Epoch 08/50 [LR: 0.001000] | Train -> Loss: 0.3007 Acc: 0.8790 Prec: 0.8790 Rec: 0.8790 mAP: 0.9480 | Val -> Loss: 0.3209 Acc: 0.8750 Prec: 0.8770 Rec: 0.8781 mAP: 0.9554
2026-04-02 02:12:01,857 - INFO - Best model updated and saved: resnet101_checkpoint\best_resnet101_model.pth
2026-04-02 02:17:55,287 - INFO - Epoch 09/50 [LR: 0.001000] | Train -> Loss: 0.2854 Acc: 0.8869 Prec: 0.8869 Rec: 0.8869 mAP: 0.9511 | Val -> Loss: 0.6432 Acc: 0.8232 Prec: 0.8518 Rec: 0.8134 mAP: 0.9145
2026-04-02 02:23:48,927 - INFO - Epoch 10/50 [LR: 0.001000] | Train -> Loss: 0.2746 Acc: 0.8924 Prec: 0.8924 Rec: 0.8924 mAP: 0.9565 | Val -> Loss: 0.2842 Acc: 0.8979 Prec: 0.9085 Rec: 0.8928 mAP: 0.9606
2026-04-02 02:23:49,388 - INFO - Best model updated and saved: resnet101_checkpoint\best_resnet101_model.pth
2026-04-02 02:29:45,628 - INFO - Epoch 11/50 [LR: 0.001000] | Train -> Loss: 0.2682 Acc: 0.8905 Prec: 0.8905 Rec: 0.8905 mAP: 0.9581 | Val -> Loss: 0.7124 Acc: 0.8377 Prec: 0.8748 Rec: 0.8271 mAP: 0.9175
2026-04-02 02:35:38,895 - INFO - Epoch 12/50 [LR: 0.001000] | Train -> Loss: 0.2728 Acc: 0.8926 Prec: 0.8926 Rec: 0.8926 mAP: 0.9573 | Val -> Loss: 0.4174 Acc: 0.8568 Prec: 0.8823 Rec: 0.8481 mAP: 0.9671
2026-04-02 02:41:32,373 - INFO - Epoch 13/50 [LR: 0.001000] | Train -> Loss: 0.2452 Acc: 0.9053 Prec: 0.9053 Rec: 0.9053 mAP: 0.9625 | Val -> Loss: 0.3601 Acc: 0.8876 Prec: 0.9020 Rec: 0.8815 mAP: 0.9601
2026-04-02 02:47:26,070 - INFO - Epoch 14/50 [LR: 0.001000] | Train -> Loss: 0.2418 Acc: 0.9057 Prec: 0.9057 Rec: 0.9057 mAP: 0.9657 | Val -> Loss: 0.2958 Acc: 0.9025 Prec: 0.9034 Rec: 0.9008 mAP: 0.9627
2026-04-02 02:47:26,545 - INFO - Best model updated and saved: resnet101_checkpoint\best_resnet101_model.pth
2026-04-02 02:53:20,165 - INFO - Epoch 15/50 [LR: 0.001000] | Train -> Loss: 0.2455 Acc: 0.9072 Prec: 0.9072 Rec: 0.9072 mAP: 0.9660 | Val -> Loss: 0.2598 Acc: 0.9059 Prec: 0.9179 Rec: 0.9006 mAP: 0.9718
2026-04-02 02:53:20,630 - INFO - Best model updated and saved: resnet101_checkpoint\best_resnet101_model.pth
2026-04-02 02:59:24,664 - INFO - Epoch 16/50 [LR: 0.001000] | Train -> Loss: 0.2267 Acc: 0.9088 Prec: 0.9088 Rec: 0.9088 mAP: 0.9687 | Val -> Loss: 0.5345 Acc: 0.8408 Prec: 0.8616 Rec: 0.8326 mAP: 0.9346
2026-04-02 03:05:18,135 - INFO - Epoch 17/50 [LR: 0.001000] | Train -> Loss: 0.2256 Acc: 0.9103 Prec: 0.9104 Rec: 0.9103 mAP: 0.9722 | Val -> Loss: 0.4115 Acc: 0.8830 Prec: 0.9076 Rec: 0.8751 mAP: 0.9729
2026-04-02 03:11:11,800 - INFO - Epoch 18/50 [LR: 0.001000] | Train -> Loss: 0.2230 Acc: 0.9086 Prec: 0.9086 Rec: 0.9086 mAP: 0.9709 | Val -> Loss: 0.5252 Acc: 0.8629 Prec: 0.8898 Rec: 0.8541 mAP: 0.9471
2026-04-02 03:17:05,497 - INFO - Epoch 19/50 [LR: 0.000100] | Train -> Loss: 0.2177 Acc: 0.9158 Prec: 0.9158 Rec: 0.9158 mAP: 0.9730 | Val -> Loss: 0.3240 Acc: 0.9025 Prec: 0.9064 Rec: 0.8993 mAP: 0.9565
2026-04-02 03:22:59,182 - INFO - Epoch 20/50 [LR: 0.000100] | Train -> Loss: 0.1497 Acc: 0.9449 Prec: 0.9449 Rec: 0.9449 mAP: 0.9866 | Val -> Loss: 0.2435 Acc: 0.9230 Prec: 0.9306 Rec: 0.9190 mAP: 0.9764
2026-04-02 03:22:59,639 - INFO - Best model updated and saved: resnet101_checkpoint\best_resnet101_model.pth
2026-04-02 03:28:54,643 - INFO - Epoch 21/50 [LR: 0.000100] | Train -> Loss: 0.1405 Acc: 0.9492 Prec: 0.9492 Rec: 0.9492 mAP: 0.9884 | Val -> Loss: 0.3000 Acc: 0.9055 Prec: 0.9148 Rec: 0.9008 mAP: 0.9746
2026-04-02 03:34:48,341 - INFO - Epoch 22/50 [LR: 0.000100] | Train -> Loss: 0.1437 Acc: 0.9444 Prec: 0.9444 Rec: 0.9444 mAP: 0.9882 | Val -> Loss: 0.2978 Acc: 0.9025 Prec: 0.9082 Rec: 0.8987 mAP: 0.9725
2026-04-02 03:40:42,053 - INFO - Epoch 23/50 [LR: 0.000100] | Train -> Loss: 0.1230 Acc: 0.9539 Prec: 0.9539 Rec: 0.9539 mAP: 0.9912 | Val -> Loss: 0.2589 Acc: 0.9246 Prec: 0.9290 Rec: 0.9215 mAP: 0.9796
2026-04-02 03:40:42,518 - INFO - Best model updated and saved: resnet101_checkpoint\best_resnet101_model.pth
2026-04-02 03:46:35,966 - INFO - Epoch 24/50 [LR: 0.000100] | Train -> Loss: 0.1194 Acc: 0.9575 Prec: 0.9575 Rec: 0.9575 mAP: 0.9915 | Val -> Loss: 0.2182 Acc: 0.9322 Prec: 0.9371 Rec: 0.9291 mAP: 0.9835
2026-04-02 03:46:36,433 - INFO - Best model updated and saved: resnet101_checkpoint\best_resnet101_model.pth
2026-04-02 03:52:29,624 - INFO - Epoch 25/50 [LR: 0.000100] | Train -> Loss: 0.1142 Acc: 0.9594 Prec: 0.9594 Rec: 0.9594 mAP: 0.9925 | Val -> Loss: 0.2339 Acc: 0.9322 Prec: 0.9357 Rec: 0.9296 mAP: 0.9832
2026-04-02 03:58:24,695 - INFO - Epoch 26/50 [LR: 0.000100] | Train -> Loss: 0.1154 Acc: 0.9530 Prec: 0.9530 Rec: 0.9530 mAP: 0.9927 | Val -> Loss: 0.1913 Acc: 0.9421 Prec: 0.9447 Rec: 0.9399 mAP: 0.9857
2026-04-02 03:58:25,205 - INFO - Best model updated and saved: resnet101_checkpoint\best_resnet101_model.pth
2026-04-02 04:04:18,807 - INFO - Epoch 27/50 [LR: 0.000100] | Train -> Loss: 0.1054 Acc: 0.9611 Prec: 0.9611 Rec: 0.9611 mAP: 0.9933 | Val -> Loss: 0.1960 Acc: 0.9474 Prec: 0.9492 Rec: 0.9458 mAP: 0.9834
2026-04-02 04:04:19,276 - INFO - Best model updated and saved: resnet101_checkpoint\best_resnet101_model.pth
2026-04-02 04:10:12,891 - INFO - Epoch 28/50 [LR: 0.000100] | Train -> Loss: 0.1054 Acc: 0.9606 Prec: 0.9606 Rec: 0.9606 mAP: 0.9935 | Val -> Loss: 0.2742 Acc: 0.9246 Prec: 0.9255 Rec: 0.9231 mAP: 0.9744
2026-04-02 04:16:06,380 - INFO - Epoch 29/50 [LR: 0.000100] | Train -> Loss: 0.1032 Acc: 0.9592 Prec: 0.9592 Rec: 0.9592 mAP: 0.9924 | Val -> Loss: 0.2126 Acc: 0.9421 Prec: 0.9467 Rec: 0.9392 mAP: 0.9885
2026-04-02 04:22:00,081 - INFO - Epoch 30/50 [LR: 0.000100] | Train -> Loss: 0.0979 Acc: 0.9635 Prec: 0.9635 Rec: 0.9635 mAP: 0.9943 | Val -> Loss: 0.4730 Acc: 0.8827 Prec: 0.9035 Rec: 0.8753 mAP: 0.9780
2026-04-02 04:27:53,542 - INFO - Epoch 31/50 [LR: 0.000010] | Train -> Loss: 0.1109 Acc: 0.9570 Prec: 0.9571 Rec: 0.9570 mAP: 0.9924 | Val -> Loss: 0.2960 Acc: 0.9208 Prec: 0.9308 Rec: 0.9161 mAP: 0.9842
2026-04-02 04:33:57,962 - INFO - Epoch 32/50 [LR: 0.000010] | Train -> Loss: 0.0890 Acc: 0.9659 Prec: 0.9659 Rec: 0.9659 mAP: 0.9953 | Val -> Loss: 0.2311 Acc: 0.9436 Prec: 0.9468 Rec: 0.9413 mAP: 0.9844
2026-04-02 04:39:51,486 - INFO - Epoch 33/50 [LR: 0.000010] | Train -> Loss: 0.0882 Acc: 0.9675 Prec: 0.9675 Rec: 0.9675 mAP: 0.9948 | Val -> Loss: 0.2173 Acc: 0.9425 Prec: 0.9459 Rec: 0.9400 mAP: 0.9868
2026-04-02 04:45:45,403 - INFO - Epoch 34/50 [LR: 0.000010] | Train -> Loss: 0.0880 Acc: 0.9685 Prec: 0.9685 Rec: 0.9685 mAP: 0.9947 | Val -> Loss: 0.2258 Acc: 0.9444 Prec: 0.9479 Rec: 0.9419 mAP: 0.9863
2026-04-02 04:51:38,874 - INFO - Epoch 35/50 [LR: 0.000001] | Train -> Loss: 0.0852 Acc: 0.9702 Prec: 0.9702 Rec: 0.9702 mAP: 0.9955 | Val -> Loss: 0.2795 Acc: 0.9310 Prec: 0.9380 Rec: 0.9273 mAP: 0.9844
2026-04-02 04:57:32,379 - INFO - Epoch 36/50 [LR: 0.000001] | Train -> Loss: 0.0871 Acc: 0.9671 Prec: 0.9671 Rec: 0.9671 mAP: 0.9957 | Val -> Loss: 0.2417 Acc: 0.9394 Prec: 0.9442 Rec: 0.9364 mAP: 0.9850
2026-04-02 05:03:27,450 - INFO - Epoch 37/50 [LR: 0.000001] | Train -> Loss: 0.0777 Acc: 0.9699 Prec: 0.9699 Rec: 0.9699 mAP: 0.9965 | Val -> Loss: 0.2386 Acc: 0.9398 Prec: 0.9425 Rec: 0.9376 mAP: 0.9846
2026-04-02 05:09:20,762 - INFO - Epoch 38/50 [LR: 0.000001] | Train -> Loss: 0.0912 Acc: 0.9663 Prec: 0.9663 Rec: 0.9663 mAP: 0.9952 | Val -> Loss: 0.2474 Acc: 0.9387 Prec: 0.9429 Rec: 0.9359 mAP: 0.9850
2026-04-02 05:15:14,451 - INFO - Epoch 39/50 [LR: 0.000000] | Train -> Loss: 0.0940 Acc: 0.9630 Prec: 0.9630 Rec: 0.9630 mAP: 0.9948 | Val -> Loss: 0.2199 Acc: 0.9432 Prec: 0.9458 Rec: 0.9411 mAP: 0.9853
2026-04-02 05:21:07,915 - INFO - Epoch 40/50 [LR: 0.000000] | Train -> Loss: 0.0823 Acc: 0.9714 Prec: 0.9714 Rec: 0.9714 mAP: 0.9957 | Val -> Loss: 0.2370 Acc: 0.9398 Prec: 0.9444 Rec: 0.9369 mAP: 0.9866
2026-04-02 05:27:01,369 - INFO - Epoch 41/50 [LR: 0.000000] | Train -> Loss: 0.0874 Acc: 0.9666 Prec: 0.9666 Rec: 0.9666 mAP: 0.9954 | Val -> Loss: 0.2233 Acc: 0.9436 Prec: 0.9465 Rec: 0.9414 mAP: 0.9857
2026-04-02 05:32:56,500 - INFO - Epoch 42/50 [LR: 0.000000] | Train -> Loss: 0.0880 Acc: 0.9706 Prec: 0.9706 Rec: 0.9706 mAP: 0.9951 | Val -> Loss: 0.2445 Acc: 0.9383 Prec: 0.9432 Rec: 0.9353 mAP: 0.9852
2026-04-02 05:38:50,389 - INFO - Epoch 43/50 [LR: 0.000000] | Train -> Loss: 0.0892 Acc: 0.9637 Prec: 0.9637 Rec: 0.9637 mAP: 0.9953 | Val -> Loss: 0.2394 Acc: 0.9394 Prec: 0.9436 Rec: 0.9366 mAP: 0.9851
2026-04-02 05:44:43,879 - INFO - Epoch 44/50 [LR: 0.000000] | Train -> Loss: 0.0945 Acc: 0.9644 Prec: 0.9645 Rec: 0.9644 mAP: 0.9946 | Val -> Loss: 0.2536 Acc: 0.9375 Prec: 0.9424 Rec: 0.9345 mAP: 0.9850
2026-04-02 05:50:37,571 - INFO - Epoch 45/50 [LR: 0.000000] | Train -> Loss: 0.0849 Acc: 0.9661 Prec: 0.9661 Rec: 0.9661 mAP: 0.9956 | Val -> Loss: 0.2350 Acc: 0.9398 Prec: 0.9441 Rec: 0.9370 mAP: 0.9852
2026-04-02 05:56:31,021 - INFO - Epoch 46/50 [LR: 0.000000] | Train -> Loss: 0.0814 Acc: 0.9687 Prec: 0.9688 Rec: 0.9687 mAP: 0.9962 | Val -> Loss: 0.2142 Acc: 0.9421 Prec: 0.9459 Rec: 0.9395 mAP: 0.9864
2026-04-02 06:02:26,115 - INFO - Epoch 47/50 [LR: 0.000000] | Train -> Loss: 0.0857 Acc: 0.9692 Prec: 0.9692 Rec: 0.9692 mAP: 0.9952 | Val -> Loss: 0.2172 Acc: 0.9440 Prec: 0.9480 Rec: 0.9413 mAP: 0.9869
2026-04-02 06:08:19,610 - INFO - Epoch 48/50 [LR: 0.000000] | Train -> Loss: 0.0879 Acc: 0.9697 Prec: 0.9697 Rec: 0.9697 mAP: 0.9954 | Val -> Loss: 0.2154 Acc: 0.9451 Prec: 0.9478 Rec: 0.9430 mAP: 0.9864
2026-04-02 06:14:13,103 - INFO - Epoch 49/50 [LR: 0.000000] | Train -> Loss: 0.0819 Acc: 0.9685 Prec: 0.9685 Rec: 0.9685 mAP: 0.9960 | Val -> Loss: 0.2478 Acc: 0.9371 Prec: 0.9425 Rec: 0.9339 mAP: 0.9848
2026-04-02 06:20:06,598 - INFO - Epoch 50/50 [LR: 0.000000] | Train -> Loss: 0.0782 Acc: 0.9721 Prec: 0.9721 Rec: 0.9721 mAP: 0.9965 | Val -> Loss: 0.2218 Acc: 0.9429 Prec: 0.9460 Rec: 0.9405 mAP: 0.9851
2026-04-02 06:20:06,598 - INFO - Training complete. Best validation accuracy:  0.9474
2026-04-02 09:20:42,619 - INFO - Starting training on device: cuda
2026-04-02 09:26:44,225 - INFO - Epoch 01/50 [LR: 0.001000] | Train -> Loss: 0.4447 Acc: 0.8038 Prec: 0.8038 Rec: 0.8038 mAP: 0.8824 | Val -> Loss: 0.4172 Acc: 0.8107 Prec: 0.8103 Rec: 0.8089 mAP: 0.8921
2026-04-02 09:26:44,742 - INFO - Best model updated and saved: resnet101_checkpoint\best_resnet101_model.pth
2026-04-02 09:32:37,521 - INFO - Epoch 02/50 [LR: 0.001000] | Train -> Loss: 0.4005 Acc: 0.8301 Prec: 0.8301 Rec: 0.8301 mAP: 0.8988 | Val -> Loss: 0.5230 Acc: 0.7810 Prec: 0.8026 Rec: 0.7712 mAP: 0.8730
2026-04-02 09:38:32,176 - INFO - Epoch 03/50 [LR: 0.001000] | Train -> Loss: 0.3755 Acc: 0.8427 Prec: 0.8428 Rec: 0.8427 mAP: 0.9144 | Val -> Loss: 0.3721 Acc: 0.8625 Prec: 0.8696 Rec: 0.8577 mAP: 0.9161
2026-04-02 09:38:32,895 - INFO - Best model updated and saved: resnet101_checkpoint\best_resnet101_model.pth
2026-04-02 09:44:27,187 - INFO - Epoch 04/50 [LR: 0.001000] | Train -> Loss: 0.3485 Acc: 0.8616 Prec: 0.8616 Rec: 0.8616 mAP: 0.9242 | Val -> Loss: 0.3374 Acc: 0.8712 Prec: 0.8769 Rec: 0.8670 mAP: 0.9394
2026-04-02 09:44:27,959 - INFO - Best model updated and saved: resnet101_checkpoint\best_resnet101_model.pth
2026-04-02 09:50:22,118 - INFO - Epoch 05/50 [LR: 0.001000] | Train -> Loss: 0.2867 Acc: 0.8850 Prec: 0.8850 Rec: 0.8850 mAP: 0.9522 | Val -> Loss: 0.3215 Acc: 0.8922 Prec: 0.9042 Rec: 0.8866 mAP: 0.9662
2026-04-02 09:50:22,890 - INFO - Best model updated and saved: resnet101_checkpoint\best_resnet101_model.pth
2026-04-02 09:56:16,964 - INFO - Epoch 06/50 [LR: 0.001000] | Train -> Loss: 0.3074 Acc: 0.8747 Prec: 0.8747 Rec: 0.8747 mAP: 0.9420 | Val -> Loss: 0.6148 Acc: 0.8427 Prec: 0.8630 Rec: 0.8346 mAP: 0.8577
2026-04-02 10:02:11,051 - INFO - Epoch 07/50 [LR: 0.001000] | Train -> Loss: 0.2863 Acc: 0.8816 Prec: 0.8816 Rec: 0.8816 mAP: 0.9484 | Val -> Loss: 1.8149 Acc: 0.7112 Prec: 0.8139 Rec: 0.6912 mAP: 0.7660
2026-04-02 10:08:05,139 - INFO - Epoch 08/50 [LR: 0.001000] | Train -> Loss: 0.3038 Acc: 0.8788 Prec: 0.8788 Rec: 0.8788 mAP: 0.9457 | Val -> Loss: 0.2436 Acc: 0.9036 Prec: 0.9037 Rec: 0.9055 mAP: 0.9680
2026-04-02 10:08:05,921 - INFO - Best model updated and saved: resnet101_checkpoint\best_resnet101_model.pth
2026-04-02 10:14:00,212 - INFO - Epoch 09/50 [LR: 0.001000] | Train -> Loss: 0.2842 Acc: 0.8912 Prec: 0.8912 Rec: 0.8912 mAP: 0.9506 | Val -> Loss: 0.3397 Acc: 0.8770 Prec: 0.8848 Rec: 0.8722 mAP: 0.9400
2026-04-02 10:19:56,101 - INFO - Epoch 10/50 [LR: 0.001000] | Train -> Loss: 0.2711 Acc: 0.8897 Prec: 0.8898 Rec: 0.8897 mAP: 0.9571 | Val -> Loss: 0.5233 Acc: 0.8510 Prec: 0.8858 Rec: 0.8410 mAP: 0.9331
2026-04-02 10:25:57,214 - INFO - Epoch 11/50 [LR: 0.001000] | Train -> Loss: 0.2592 Acc: 0.8971 Prec: 0.8972 Rec: 0.8972 mAP: 0.9610 | Val -> Loss: 0.8044 Acc: 0.8183 Prec: 0.8673 Rec: 0.8059 mAP: 0.9471
2026-04-02 10:31:52,213 - INFO - Epoch 12/50 [LR: 0.000100] | Train -> Loss: 0.2416 Acc: 0.9019 Prec: 0.9019 Rec: 0.9019 mAP: 0.9659 | Val -> Loss: 0.4188 Acc: 0.8510 Prec: 0.8520 Rec: 0.8534 mAP: 0.9311
2026-04-02 10:37:46,490 - INFO - Epoch 13/50 [LR: 0.000100] | Train -> Loss: 0.1833 Acc: 0.9305 Prec: 0.9306 Rec: 0.9306 mAP: 0.9811 | Val -> Loss: 0.2490 Acc: 0.9131 Prec: 0.9231 Rec: 0.9084 mAP: 0.9813
2026-04-02 10:37:47,268 - INFO - Best model updated and saved: resnet101_checkpoint\best_resnet101_model.pth
2026-04-02 10:43:41,645 - INFO - Epoch 14/50 [LR: 0.000100] | Train -> Loss: 0.1569 Acc: 0.9389 Prec: 0.9389 Rec: 0.9389 mAP: 0.9859 | Val -> Loss: 0.1970 Acc: 0.9341 Prec: 0.9358 Rec: 0.9323 mAP: 0.9797
2026-04-02 10:43:42,426 - INFO - Best model updated and saved: resnet101_checkpoint\best_resnet101_model.pth
2026-04-02 10:49:36,944 - INFO - Epoch 15/50 [LR: 0.000100] | Train -> Loss: 0.1516 Acc: 0.9473 Prec: 0.9473 Rec: 0.9473 mAP: 0.9870 | Val -> Loss: 0.2291 Acc: 0.9253 Prec: 0.9326 Rec: 0.9214 mAP: 0.9806
2026-04-02 10:55:31,056 - INFO - Epoch 16/50 [LR: 0.000100] | Train -> Loss: 0.1448 Acc: 0.9458 Prec: 0.9458 Rec: 0.9458 mAP: 0.9869 | Val -> Loss: 0.2868 Acc: 0.9173 Prec: 0.9253 Rec: 0.9131 mAP: 0.9726
2026-04-02 11:01:25,330 - INFO - Epoch 17/50 [LR: 0.000100] | Train -> Loss: 0.1383 Acc: 0.9501 Prec: 0.9501 Rec: 0.9501 mAP: 0.9885 | Val -> Loss: 0.2771 Acc: 0.9257 Prec: 0.9342 Rec: 0.9215 mAP: 0.9735
2026-04-02 11:07:19,751 - INFO - Epoch 18/50 [LR: 0.000010] | Train -> Loss: 0.1259 Acc: 0.9501 Prec: 0.9501 Rec: 0.9501 mAP: 0.9910 | Val -> Loss: 0.3142 Acc: 0.9139 Prec: 0.9281 Rec: 0.9082 mAP: 0.9824
2026-04-02 11:13:13,897 - INFO - Epoch 19/50 [LR: 0.000010] | Train -> Loss: 0.1190 Acc: 0.9558 Prec: 0.9558 Rec: 0.9558 mAP: 0.9919 | Val -> Loss: 0.2532 Acc: 0.9257 Prec: 0.9336 Rec: 0.9216 mAP: 0.9816
2026-04-02 11:19:14,226 - INFO - Epoch 20/50 [LR: 0.000010] | Train -> Loss: 0.1077 Acc: 0.9599 Prec: 0.9600 Rec: 0.9599 mAP: 0.9934 | Val -> Loss: 0.2402 Acc: 0.9326 Prec: 0.9403 Rec: 0.9286 mAP: 0.9844
2026-04-02 11:25:08,697 - INFO - Epoch 21/50 [LR: 0.000010] | Train -> Loss: 0.1073 Acc: 0.9621 Prec: 0.9621 Rec: 0.9621 mAP: 0.9928 | Val -> Loss: 0.2856 Acc: 0.9196 Prec: 0.9311 Rec: 0.9146 mAP: 0.9825
2026-04-02 11:31:09,984 - INFO - Epoch 22/50 [LR: 0.000001] | Train -> Loss: 0.1132 Acc: 0.9561 Prec: 0.9561 Rec: 0.9561 mAP: 0.9928 | Val -> Loss: 0.2761 Acc: 0.9204 Prec: 0.9299 Rec: 0.9158 mAP: 0.9812
2026-04-02 11:37:04,166 - INFO - Epoch 23/50 [LR: 0.000001] | Train -> Loss: 0.1123 Acc: 0.9582 Prec: 0.9583 Rec: 0.9582 mAP: 0.9921 | Val -> Loss: 0.2702 Acc: 0.9242 Prec: 0.9320 Rec: 0.9201 mAP: 0.9810
2026-04-02 11:42:58,611 - INFO - Epoch 24/50 [LR: 0.000001] | Train -> Loss: 0.1037 Acc: 0.9635 Prec: 0.9635 Rec: 0.9635 mAP: 0.9940 | Val -> Loss: 0.2818 Acc: 0.9200 Prec: 0.9300 Rec: 0.9153 mAP: 0.9820
2026-04-02 11:48:52,653 - INFO - Epoch 25/50 [LR: 0.000001] | Train -> Loss: 0.1040 Acc: 0.9611 Prec: 0.9611 Rec: 0.9611 mAP: 0.9939 | Val -> Loss: 0.2565 Acc: 0.9265 Prec: 0.9338 Rec: 0.9226 mAP: 0.9815
2026-04-02 11:54:47,019 - INFO - Epoch 26/50 [LR: 0.000000] | Train -> Loss: 0.1102 Acc: 0.9599 Prec: 0.9599 Rec: 0.9599 mAP: 0.9929 | Val -> Loss: 0.2300 Acc: 0.9322 Prec: 0.9384 Rec: 0.9287 mAP: 0.9838
2026-04-02 12:00:41,522 - INFO - Epoch 27/50 [LR: 0.000000] | Train -> Loss: 0.1073 Acc: 0.9594 Prec: 0.9594 Rec: 0.9594 mAP: 0.9933 | Val -> Loss: 0.2687 Acc: 0.9246 Prec: 0.9333 Rec: 0.9203 mAP: 0.9833
2026-04-02 12:06:47,876 - INFO - Epoch 28/50 [LR: 0.000000] | Train -> Loss: 0.1081 Acc: 0.9635 Prec: 0.9635 Rec: 0.9635 mAP: 0.9931 | Val -> Loss: 0.2371 Acc: 0.9314 Prec: 0.9361 Rec: 0.9284 mAP: 0.9810
2026-04-02 12:12:42,448 - INFO - Epoch 29/50 [LR: 0.000000] | Train -> Loss: 0.1029 Acc: 0.9609 Prec: 0.9609 Rec: 0.9609 mAP: 0.9938 | Val -> Loss: 0.2302 Acc: 0.9322 Prec: 0.9375 Rec: 0.9289 mAP: 0.9841
2026-04-02 12:18:36,586 - INFO - Epoch 30/50 [LR: 0.000000] | Train -> Loss: 0.1064 Acc: 0.9599 Prec: 0.9599 Rec: 0.9599 mAP: 0.9930 | Val -> Loss: 0.2368 Acc: 0.9303 Prec: 0.9367 Rec: 0.9267 mAP: 0.9808
2026-04-02 12:24:33,625 - INFO - Epoch 31/50 [LR: 0.000000] | Train -> Loss: 0.1146 Acc: 0.9604 Prec: 0.9604 Rec: 0.9604 mAP: 0.9924 | Val -> Loss: 0.2373 Acc: 0.9295 Prec: 0.9370 Rec: 0.9256 mAP: 0.9843
2026-04-02 12:30:34,069 - INFO - Epoch 32/50 [LR: 0.000000] | Train -> Loss: 0.1062 Acc: 0.9601 Prec: 0.9601 Rec: 0.9601 mAP: 0.9933 | Val -> Loss: 0.2324 Acc: 0.9322 Prec: 0.9375 Rec: 0.9289 mAP: 0.9834
2026-04-02 12:36:28,657 - INFO - Epoch 33/50 [LR: 0.000000] | Train -> Loss: 0.1069 Acc: 0.9578 Prec: 0.9578 Rec: 0.9577 mAP: 0.9930 | Val -> Loss: 0.2495 Acc: 0.9299 Prec: 0.9375 Rec: 0.9260 mAP: 0.9834
2026-04-02 12:42:22,910 - INFO - Epoch 34/50 [LR: 0.000000] | Train -> Loss: 0.1068 Acc: 0.9575 Prec: 0.9575 Rec: 0.9575 mAP: 0.9932 | Val -> Loss: 0.2758 Acc: 0.9211 Prec: 0.9299 Rec: 0.9168 mAP: 0.9818
2026-04-02 12:48:17,195 - INFO - Epoch 35/50 [LR: 0.000000] | Train -> Loss: 0.1039 Acc: 0.9642 Prec: 0.9642 Rec: 0.9642 mAP: 0.9932 | Val -> Loss: 0.3157 Acc: 0.9173 Prec: 0.9282 Rec: 0.9124 mAP: 0.9774
2026-04-02 12:54:11,662 - INFO - Epoch 36/50 [LR: 0.000000] | Train -> Loss: 0.1075 Acc: 0.9616 Prec: 0.9616 Rec: 0.9616 mAP: 0.9932 | Val -> Loss: 0.2601 Acc: 0.9280 Prec: 0.9360 Rec: 0.9239 mAP: 0.9811
2026-04-02 13:00:05,730 - INFO - Epoch 37/50 [LR: 0.000000] | Train -> Loss: 0.0988 Acc: 0.9652 Prec: 0.9652 Rec: 0.9652 mAP: 0.9942 | Val -> Loss: 0.2560 Acc: 0.9288 Prec: 0.9349 Rec: 0.9252 mAP: 0.9798
2026-04-02 13:06:00,328 - INFO - Epoch 38/50 [LR: 0.000000] | Train -> Loss: 0.1030 Acc: 0.9613 Prec: 0.9614 Rec: 0.9613 mAP: 0.9939 | Val -> Loss: 0.2721 Acc: 0.9242 Prec: 0.9322 Rec: 0.9201 mAP: 0.9817
2026-04-02 13:11:54,763 - INFO - Epoch 39/50 [LR: 0.000000] | Train -> Loss: 0.1060 Acc: 0.9618 Prec: 0.9618 Rec: 0.9618 mAP: 0.9935 | Val -> Loss: 0.2455 Acc: 0.9295 Prec: 0.9352 Rec: 0.9261 mAP: 0.9806
2026-04-02 13:17:49,007 - INFO - Epoch 40/50 [LR: 0.000000] | Train -> Loss: 0.1037 Acc: 0.9654 Prec: 0.9654 Rec: 0.9654 mAP: 0.9934 | Val -> Loss: 0.2660 Acc: 0.9219 Prec: 0.9310 Rec: 0.9174 mAP: 0.9822
2026-04-02 13:23:52,043 - INFO - Epoch 41/50 [LR: 0.000000] | Train -> Loss: 0.1060 Acc: 0.9618 Prec: 0.9619 Rec: 0.9618 mAP: 0.9937 | Val -> Loss: 0.2243 Acc: 0.9337 Prec: 0.9376 Rec: 0.9310 mAP: 0.9821
2026-04-02 13:29:46,149 - INFO - Epoch 42/50 [LR: 0.000000] | Train -> Loss: 0.1079 Acc: 0.9609 Prec: 0.9609 Rec: 0.9609 mAP: 0.9934 | Val -> Loss: 0.2727 Acc: 0.9223 Prec: 0.9311 Rec: 0.9179 mAP: 0.9805
2026-04-02 13:35:43,482 - INFO - Epoch 43/50 [LR: 0.000000] | Train -> Loss: 0.1076 Acc: 0.9621 Prec: 0.9621 Rec: 0.9621 mAP: 0.9930 | Val -> Loss: 0.2789 Acc: 0.9211 Prec: 0.9303 Rec: 0.9167 mAP: 0.9792
2026-04-02 13:41:37,562 - INFO - Epoch 44/50 [LR: 0.000000] | Train -> Loss: 0.1191 Acc: 0.9544 Prec: 0.9545 Rec: 0.9544 mAP: 0.9916 | Val -> Loss: 0.2767 Acc: 0.9211 Prec: 0.9305 Rec: 0.9166 mAP: 0.9810
2026-04-02 13:47:31,343 - INFO - Epoch 45/50 [LR: 0.000000] | Train -> Loss: 0.1051 Acc: 0.9597 Prec: 0.9597 Rec: 0.9597 mAP: 0.9936 | Val -> Loss: 0.2491 Acc: 0.9276 Prec: 0.9349 Rec: 0.9237 mAP: 0.9820
2026-04-02 13:53:24,882 - INFO - Epoch 46/50 [LR: 0.000000] | Train -> Loss: 0.1015 Acc: 0.9640 Prec: 0.9640 Rec: 0.9640 mAP: 0.9942 | Val -> Loss: 0.2294 Acc: 0.9299 Prec: 0.9364 Rec: 0.9263 mAP: 0.9843
2026-04-02 13:59:18,316 - INFO - Epoch 47/50 [LR: 0.000000] | Train -> Loss: 0.1033 Acc: 0.9635 Prec: 0.9635 Rec: 0.9635 mAP: 0.9936 | Val -> Loss: 0.2672 Acc: 0.9238 Prec: 0.9325 Rec: 0.9195 mAP: 0.9818
2026-04-02 14:05:11,224 - INFO - Epoch 48/50 [LR: 0.000000] | Train -> Loss: 0.1094 Acc: 0.9621 Prec: 0.9621 Rec: 0.9621 mAP: 0.9928 | Val -> Loss: 0.2448 Acc: 0.9299 Prec: 0.9362 Rec: 0.9263 mAP: 0.9813
2026-04-02 14:11:04,613 - INFO - Epoch 49/50 [LR: 0.000000] | Train -> Loss: 0.0986 Acc: 0.9632 Prec: 0.9632 Rec: 0.9632 mAP: 0.9941 | Val -> Loss: 0.2726 Acc: 0.9227 Prec: 0.9318 Rec: 0.9182 mAP: 0.9799
2026-04-02 14:16:57,789 - INFO - Epoch 50/50 [LR: 0.000000] | Train -> Loss: 0.0950 Acc: 0.9656 Prec: 0.9656 Rec: 0.9656 mAP: 0.9947 | Val -> Loss: 0.2630 Acc: 0.9238 Prec: 0.9321 Rec: 0.9196 mAP: 0.9817
2026-04-02 14:16:57,789 - INFO - Training complete. Best validation accuracy:  0.9341
