2025-08-31 17:05:39,876 - INFO - Loading the best ResNet101 model as the feature extractor...
2025-08-31 17:05:40,487 - INFO - Feature extractor loaded successfully.
2025-08-31 17:05:40,487 - INFO - Starting Step 1: Start extracting features of the training and validation sets...
2025-08-31 17:06:23,213 - INFO - Extraction completed. Number of training set features: 4190
2025-08-31 17:06:23,213 - INFO - Extraction completed. Number of validation set features: 2625
2025-08-31 17:06:23,214 - INFO - Starting Step 2: Training the SVM brain or classifier...
2025-08-31 17:06:23,630 - INFO - SVM training completed.
2025-08-31 17:06:23,647 - INFO - Starting Step 3: Evaluating the new SVM classifier on validation data...
2025-08-31 17:06:23,769 - INFO - ResNet101 + SVM Hybrid Model Validation Accuracy: 0.9893
2026-03-06 01:11:16,216 - INFO - Loading the best ResNet101 model as the feature extractor...
2026-03-06 01:11:16,867 - INFO - Feature extractor loaded successfully.
2026-03-06 01:11:16,869 - INFO - Starting Step 1: Start extracting features of the training and validation sets...
2026-03-06 01:11:59,466 - INFO - Extraction completed. Number of training set features: 4190
2026-03-06 01:11:59,466 - INFO - Extraction completed. Number of validation set features: 2625
2026-03-06 01:11:59,466 - INFO - Starting Step 2: Training the SVM brain or classifier...
2026-03-06 01:11:59,800 - INFO - SVM training completed.
2026-03-06 01:11:59,800 - INFO - Starting Step 3: Evaluating the new SVM classifier on validation data...
2026-03-06 01:11:59,899 - INFO - ResNet101 + SVM Hybrid Model Validation Accuracy: 0.9935
2026-03-06 01:13:32,635 - INFO - Loading the best ResNet101 model as the feature extractor...
2026-03-06 01:13:33,264 - INFO - Feature extractor loaded successfully.
2026-03-06 01:13:33,264 - INFO - Starting Step 1: Start extracting features of the training and validation sets...
2026-03-06 01:14:15,499 - INFO - Extraction completed. Number of training set features: 4190
2026-03-06 01:14:15,499 - INFO - Extraction completed. Number of validation set features: 2625
2026-03-06 01:14:15,499 - INFO - Starting Step 2: Training the SVM brain or classifier...
2026-03-06 01:14:15,830 - INFO - SVM training completed.
2026-03-06 01:14:15,830 - INFO - Starting Step 3: Evaluating the new SVM classifier on validation data...
2026-03-06 01:14:15,922 - INFO - ResNet101 + SVM Hybrid Model Validation Accuracy: 0.9935
